// Jest Snapshot v1, https://goo.gl/fbAQLP

exports[`<Toast/> render <Toast/> 1`] = `
.c0 {
  pointer-events: all;
  min-width: 300px;
  border-radius: .1rem;
  margin-top: .3rem;
  box-shadow: 0px 0px 3px #0000004d;
  display: -webkit-box;
  display: -webkit-flex;
  display: -ms-flexbox;
  display: flex;
  -webkit-flex-direction: column;
  -ms-flex-direction: column;
  flex-direction: column;
  overflow: hidden;
}

.c0 .lens-ui-progress-bar,
.c0 .lens-ui-progress-bar-progress {
  border-radius: 0;
  height: .3rem;
}

.c0 .lens-ui-toasts-toast-main {
  display: -webkit-box;
  display: -webkit-flex;
  display: -ms-flexbox;
  display: flex;
  -webkit-flex: 1;
  -ms-flex: 1;
  flex: 1;
  padding: .25rem .5rem;
}

.c0 .lens-ui-toasts-toast-icon {
  display: -webkit-box;
  display: -webkit-flex;
  display: -ms-flexbox;
  display: flex;
  padding-right: .2rem;
  -webkit-align-items: center;
  -webkit-box-align: center;
  -ms-flex-align: center;
  align-items: center;
  -webkit-box-pack: center;
  -webkit-justify-content: center;
  -ms-flex-pack: center;
  justify-content: center;
}

.c0 .lens-ui-toasts-toast-content {
  display: -webkit-box;
  display: -webkit-flex;
  display: -ms-flexbox;
  display: flex;
  padding: .2rem;
  -webkit-flex: 1;
  -ms-flex: 1;
  flex: 1;
  font-size: .8rem;
  -webkit-align-items: center;
  -webkit-box-align: center;
  -ms-flex-align: center;
  align-items: center;
}

.c0.mobile {
  width: 100%;
}

.c0 .toast-close-button-container {
  display: -webkit-box;
  display: -webkit-flex;
  display: -ms-flexbox;
  display: flex;
  -webkit-align-items: center;
  -webkit-box-align: center;
  -ms-flex-align: center;
  align-items: center;
  -webkit-box-pack: center;
  -webkit-justify-content: center;
  -ms-flex-pack: center;
  justify-content: center;
  cursor: pointer;
}

.c0 .toast-close-button-container .toast-close-button {
  display: -webkit-box;
  display: -webkit-flex;
  display: -ms-flexbox;
  display: flex;
  -webkit-align-items: center;
  -webkit-box-align: center;
  -ms-flex-align: center;
  align-items: center;
  -webkit-box-pack: center;
  -webkit-justify-content: center;
  -ms-flex-pack: center;
  justify-content: center;
  height: 19px;
  width: 19px;
  padding: 0;
  border-radius: .2rem;
}

.c0 .toast-close-actions-container {
  display: -webkit-box;
  display: -webkit-flex;
  display: -ms-flexbox;
  display: flex;
  -webkit-flex-direction: column;
  -ms-flex-direction: column;
  flex-direction: column;
  -webkit-align-items: center;
  -webkit-box-align: center;
  -ms-flex-align: center;
  align-items: center;
  padding: 0 1rem;
}

.c0 .toast-close-actions-container .lens-ui-button {
  padding: .2rem .2rem;
}

.c0.intent-primary {
  background-color: var(--lens-ui-intents-primary-dark);
  color: var(--lens-ui-intents-primary-dark-text);
  border: 1px solid var(--lens-ui-intents-primary-dark-border);
}

.c0.intent-primary .toast-close-button {
  background-color: transparent;
  border: 0;
  color: var(--lens-ui-intents-primary-dark-text);
}

.c0.intent-primary .lens-ui-progress-bar {
  background-color: var(--lens-ui-intents-primary-darken);
}

.c0.intent-primary .lens-ui-progress-bar-progress {
  background-color: #fff;
}

.c0.intent-secondary {
  background-color: var(--lens-ui-intents-secondary-dark);
  color: var(--lens-ui-intents-secondary-dark-text);
  border: 1px solid var(--lens-ui-intents-secondary-dark-border);
}

.c0.intent-secondary .toast-close-button {
  background-color: transparent;
  border: 0;
  color: var(--lens-ui-intents-secondary-dark-text);
}

.c0.intent-secondary .lens-ui-progress-bar {
  background-color: var(--lens-ui-intents-secondary-darken);
}

.c0.intent-secondary .lens-ui-progress-bar-progress {
  background-color: #fff;
}

.c0.intent-success {
  background-color: var(--lens-ui-intents-success-dark);
  color: var(--lens-ui-intents-success-dark-text);
  border: 1px solid var(--lens-ui-intents-success-dark-border);
}

.c0.intent-success .toast-close-button {
  background-color: transparent;
  border: 0;
  color: var(--lens-ui-intents-success-dark-text);
}

.c0.intent-success .lens-ui-progress-bar {
  background-color: var(--lens-ui-intents-success-darken);
}

.c0.intent-success .lens-ui-progress-bar-progress {
  background-color: #fff;
}

.c0.intent-info {
  background-color: var(--lens-ui-intents-info-dark);
  color: var(--lens-ui-intents-info-dark-text);
  border: 1px solid var(--lens-ui-intents-info-dark-border);
}

.c0.intent-info .toast-close-button {
  background-color: transparent;
  border: 0;
  color: var(--lens-ui-intents-info-dark-text);
}

.c0.intent-info .lens-ui-progress-bar {
  background-color: var(--lens-ui-intents-info-darken);
}

.c0.intent-info .lens-ui-progress-bar-progress {
  background-color: #fff;
}

.c0.intent-warning {
  background-color: var(--lens-ui-intents-warning-dark);
  color: var(--lens-ui-intents-warning-dark-text);
  border: 1px solid var(--lens-ui-intents-warning-dark-border);
}

.c0.intent-warning .toast-close-button {
  background-color: transparent;
  border: 0;
  color: var(--lens-ui-intents-warning-dark-text);
}

.c0.intent-warning .lens-ui-progress-bar {
  background-color: var(--lens-ui-intents-warning-darken);
}

.c0.intent-warning .lens-ui-progress-bar-progress {
  background-color: #fff;
}

.c0.intent-danger {
  background-color: var(--lens-ui-intents-danger-dark);
  color: var(--lens-ui-intents-danger-dark-text);
  border: 1px solid var(--lens-ui-intents-danger-dark-border);
}

.c0.intent-danger .toast-close-button {
  background-color: transparent;
  border: 0;
  color: var(--lens-ui-intents-danger-dark-text);
}

.c0.intent-danger .lens-ui-progress-bar {
  background-color: var(--lens-ui-intents-danger-darken);
}

.c0.intent-danger .lens-ui-progress-bar-progress {
  background-color: #fff;
}

<div
  class="c0 lens-ui-font-definition lens-ui-toasts-toast intent-info myCustomClass"
>
  <div
    class="lens-ui-toasts-toast-main"
  >
    <div
      class="lens-ui-toasts-toast-icon"
    >
      my_icon
    </div>
    <div
      class="lens-ui-font-definition lens-ui-toasts-toast-content"
    >
      toast_content
    </div>
    <div
      class="toast-close-button-container"
    >
      <button
        class="toast-close-button"
      >
        <svg
          class="lensUi__Icon"
          fill="currentColor"
          height="1em"
          stroke="currentColor"
          stroke-width="0"
          viewBox="0 0 16 16"
          width="1em"
          xmlns="http://www.w3.org/2000/svg"
        >
          <path
            d="M2 0a2 2 0 0 0-2 2v12a2 2 0 0 0 2 2h12a2 2 0 0 0 2-2V2a2 2 0 0 0-2-2H2zm3.354 4.646L8 7.293l2.646-2.647a.5.5 0 0 1 .708.708L8.707 8l2.647 2.646a.5.5 0 0 1-.708.708L8 8.707l-2.646 2.647a.5.5 0 0 1-.708-.708L7.293 8 4.646 5.354a.5.5 0 1 1 .708-.708z"
          />
        </svg>
      </button>
    </div>
  </div>
</div>
`;

exports[`<Toast/> render <Toast/> with invalid dismiss 1`] = `
.c0 {
  pointer-events: all;
  min-width: 300px;
  border-radius: .1rem;
  margin-top: .3rem;
  box-shadow: 0px 0px 3px #0000004d;
  display: -webkit-box;
  display: -webkit-flex;
  display: -ms-flexbox;
  display: flex;
  -webkit-flex-direction: column;
  -ms-flex-direction: column;
  flex-direction: column;
  overflow: hidden;
}

.c0 .lens-ui-progress-bar,
.c0 .lens-ui-progress-bar-progress {
  border-radius: 0;
  height: .3rem;
}

.c0 .lens-ui-toasts-toast-main {
  display: -webkit-box;
  display: -webkit-flex;
  display: -ms-flexbox;
  display: flex;
  -webkit-flex: 1;
  -ms-flex: 1;
  flex: 1;
  padding: .25rem .5rem;
}

.c0 .lens-ui-toasts-toast-icon {
  display: -webkit-box;
  display: -webkit-flex;
  display: -ms-flexbox;
  display: flex;
  padding-right: .2rem;
  -webkit-align-items: center;
  -webkit-box-align: center;
  -ms-flex-align: center;
  align-items: center;
  -webkit-box-pack: center;
  -webkit-justify-content: center;
  -ms-flex-pack: center;
  justify-content: center;
}

.c0 .lens-ui-toasts-toast-content {
  display: -webkit-box;
  display: -webkit-flex;
  display: -ms-flexbox;
  display: flex;
  padding: .2rem;
  -webkit-flex: 1;
  -ms-flex: 1;
  flex: 1;
  font-size: .8rem;
  -webkit-align-items: center;
  -webkit-box-align: center;
  -ms-flex-align: center;
  align-items: center;
}

.c0.mobile {
  width: 100%;
}

.c0 .toast-close-button-container {
  display: -webkit-box;
  display: -webkit-flex;
  display: -ms-flexbox;
  display: flex;
  -webkit-align-items: center;
  -webkit-box-align: center;
  -ms-flex-align: center;
  align-items: center;
  -webkit-box-pack: center;
  -webkit-justify-content: center;
  -ms-flex-pack: center;
  justify-content: center;
  cursor: pointer;
}

.c0 .toast-close-button-container .toast-close-button {
  display: -webkit-box;
  display: -webkit-flex;
  display: -ms-flexbox;
  display: flex;
  -webkit-align-items: center;
  -webkit-box-align: center;
  -ms-flex-align: center;
  align-items: center;
  -webkit-box-pack: center;
  -webkit-justify-content: center;
  -ms-flex-pack: center;
  justify-content: center;
  height: 19px;
  width: 19px;
  padding: 0;
  border-radius: .2rem;
}

.c0 .toast-close-actions-container {
  display: -webkit-box;
  display: -webkit-flex;
  display: -ms-flexbox;
  display: flex;
  -webkit-flex-direction: column;
  -ms-flex-direction: column;
  flex-direction: column;
  -webkit-align-items: center;
  -webkit-box-align: center;
  -ms-flex-align: center;
  align-items: center;
  padding: 0 1rem;
}

.c0 .toast-close-actions-container .lens-ui-button {
  padding: .2rem .2rem;
}

.c0.intent-primary {
  background-color: var(--lens-ui-intents-primary-dark);
  color: var(--lens-ui-intents-primary-dark-text);
  border: 1px solid var(--lens-ui-intents-primary-dark-border);
}

.c0.intent-primary .toast-close-button {
  background-color: transparent;
  border: 0;
  color: var(--lens-ui-intents-primary-dark-text);
}

.c0.intent-primary .lens-ui-progress-bar {
  background-color: var(--lens-ui-intents-primary-darken);
}

.c0.intent-primary .lens-ui-progress-bar-progress {
  background-color: #fff;
}

.c0.intent-secondary {
  background-color: var(--lens-ui-intents-secondary-dark);
  color: var(--lens-ui-intents-secondary-dark-text);
  border: 1px solid var(--lens-ui-intents-secondary-dark-border);
}

.c0.intent-secondary .toast-close-button {
  background-color: transparent;
  border: 0;
  color: var(--lens-ui-intents-secondary-dark-text);
}

.c0.intent-secondary .lens-ui-progress-bar {
  background-color: var(--lens-ui-intents-secondary-darken);
}

.c0.intent-secondary .lens-ui-progress-bar-progress {
  background-color: #fff;
}

.c0.intent-success {
  background-color: var(--lens-ui-intents-success-dark);
  color: var(--lens-ui-intents-success-dark-text);
  border: 1px solid var(--lens-ui-intents-success-dark-border);
}

.c0.intent-success .toast-close-button {
  background-color: transparent;
  border: 0;
  color: var(--lens-ui-intents-success-dark-text);
}

.c0.intent-success .lens-ui-progress-bar {
  background-color: var(--lens-ui-intents-success-darken);
}

.c0.intent-success .lens-ui-progress-bar-progress {
  background-color: #fff;
}

.c0.intent-info {
  background-color: var(--lens-ui-intents-info-dark);
  color: var(--lens-ui-intents-info-dark-text);
  border: 1px solid var(--lens-ui-intents-info-dark-border);
}

.c0.intent-info .toast-close-button {
  background-color: transparent;
  border: 0;
  color: var(--lens-ui-intents-info-dark-text);
}

.c0.intent-info .lens-ui-progress-bar {
  background-color: var(--lens-ui-intents-info-darken);
}

.c0.intent-info .lens-ui-progress-bar-progress {
  background-color: #fff;
}

.c0.intent-warning {
  background-color: var(--lens-ui-intents-warning-dark);
  color: var(--lens-ui-intents-warning-dark-text);
  border: 1px solid var(--lens-ui-intents-warning-dark-border);
}

.c0.intent-warning .toast-close-button {
  background-color: transparent;
  border: 0;
  color: var(--lens-ui-intents-warning-dark-text);
}

.c0.intent-warning .lens-ui-progress-bar {
  background-color: var(--lens-ui-intents-warning-darken);
}

.c0.intent-warning .lens-ui-progress-bar-progress {
  background-color: #fff;
}

.c0.intent-danger {
  background-color: var(--lens-ui-intents-danger-dark);
  color: var(--lens-ui-intents-danger-dark-text);
  border: 1px solid var(--lens-ui-intents-danger-dark-border);
}

.c0.intent-danger .toast-close-button {
  background-color: transparent;
  border: 0;
  color: var(--lens-ui-intents-danger-dark-text);
}

.c0.intent-danger .lens-ui-progress-bar {
  background-color: var(--lens-ui-intents-danger-darken);
}

.c0.intent-danger .lens-ui-progress-bar-progress {
  background-color: #fff;
}

<div
  class="c0 lens-ui-font-definition lens-ui-toasts-toast intent-info myCustomClass"
>
  <div
    class="lens-ui-toasts-toast-main"
  >
    <div
      class="lens-ui-toasts-toast-icon"
    >
      my_icon
    </div>
    <div
      class="lens-ui-font-definition lens-ui-toasts-toast-content"
    >
      toast_content
    </div>
    <div
      class="toast-close-button-container"
    >
      <button
        class="toast-close-button"
      >
        <svg
          class="lensUi__Icon"
          fill="currentColor"
          height="1em"
          stroke="currentColor"
          stroke-width="0"
          viewBox="0 0 16 16"
          width="1em"
          xmlns="http://www.w3.org/2000/svg"
        >
          <path
            d="M2 0a2 2 0 0 0-2 2v12a2 2 0 0 0 2 2h12a2 2 0 0 0 2-2V2a2 2 0 0 0-2-2H2zm3.354 4.646L8 7.293l2.646-2.647a.5.5 0 0 1 .708.708L8.707 8l2.647 2.646a.5.5 0 0 1-.708.708L8 8.707l-2.646 2.647a.5.5 0 0 1-.708-.708L7.293 8 4.646 5.354a.5.5 0 1 1 .708-.708z"
          />
        </svg>
      </button>
    </div>
  </div>
</div>
`;
